Jan 13 22:48:50 10.5.111.38 RT_FLOW: RT_FLOW_SESSION_CLOSE: session closed TCP FIN: 10.187.44.109/50903->17.173.66.180/443 junos-https 183.157.160.25/19603->17.173.66.180/443 ct2 None 6 10 Trust ct2 180622502 25(6287) 15(10221) 39 UNKNOWN UNKNOWN N/A(N/A) xe-4/0/0.0 UNKNOWN
Jan 13 22:47:39 10.5.111.38 RT_FLOW: FLOW_REASSEMBLE_FAIL: FCB ageout before all fragments arrive, source 210.32.142.49 destination 125.121.60.23 ipid 5989
Jan 13 22:47:39 10.5.111.38 RT_FLOW: FLOW_REASSEMBLE_FAIL: FCB ageout before all fragments arrive, source 210.32.142.49 destination 125.121.60.23 ipid 5989
Jan 13 22:47:39 10.5.111.38 RT_FLOW: RT_FLOW_SESSION_CREATE: session created 10.180.70.173/52900->103.243.222.41/443 junos-https 183.157.160.49/10016->103.243.222.41/443 ct2 None 6 10 Trust ct2 160477871 N/A(N/A) xe-4/0/0.0 UNKNOWN UNKNOWN UNKNOWN
Jan 13 22:47:39 10.5.111.38 RT_FLOW: RT_FLOW_SESSION_CREATE: session created 10.180.70.173/52900->103.243.222.41/443 junos-https 183.157.160.49/10016->103.243.222.41/443 ct2 None 6 10 Trust ct2 160477871 N/A(N/A) xe-4/0/0.0 UNKNOWN UNKNOWN UNKNOWN
Jan 13 22:48:50 10.5.111.38 RT_FLOW: RT_FLOW_SESSION_CREATE: session created 210.32.154.153/55946->173.194.127.110/443 junos-https 183.157.160.37/14875->173.194.127.110/443 ct2 None 6 10 Trust ct2 180503604 N/A(N/A) xe-4/0/1.0 UNKNOWN UNKNOWN UNKNOWN
Jan 13 22:48:50 10.5.111.38 RT_FLOW: RT_FLOW_SESSION_CREATE: session created 210.32.154.153/55946->173.194.127.110/443 junos-https 183.157.160.37/14875->173.194.127.110/443 ct2 None 6 10 Trust ct2 180503604 N/A(N/A) xe-4/0/1.0 UNKNOWN UNKNOWN UNKNOWN
Jan 13 22:46:57 10.5.111.38 RT_FLOW: RT_FLOW_SESSION_CLOSE: session closed TCP FIN: 10.180.82.222/3354->61.164.241.83/80 junos-http 183.157.160.46/3543->61.164.241.83/80 ct2 None 6 10 Trust ct2 140271956 6(419) 6(2144) 2 UNKNOWN UNKNOWN N/A(N/A) xe-4/0/0.0 UNKNOWN
Jan 13 22:46:57 10.5.111.38 RT_FLOW: RT_FLOW_SESSION_CLOSE: session closed TCP FIN: 10.180.82.222/3354->61.164.241.83/80 junos-http 183.157.160.46/3543->61.164.241.83/80 ct2 None 6 10 Trust ct2 140271956 6(419) 6(2144) 2 UNKNOWN UNKNOWN N/A(N/A) xe-4/0/0.0 UNKNOWN